******************************************************************************
                  TMS470 Linker Unix v4.9.5                    
******************************************************************************
>> Linked Sun Jan  6 11:07:38 2013

OUTPUT FILE NAME:   <boneRemote.out>
ENTRY POINT SYMBOL: "Entry"  address: 80000000


MEMORY CONFIGURATION

         name            origin    length      used     unused   attr    fill
----------------------  --------  ---------  --------  --------  ----  --------
  DDR_MEM               80000000   07ffffff  000a2664  07f5d99b  RWIX


SEGMENT ALLOCATION MAP

run origin  load origin   length   init length attrs members
----------  ----------- ---------- ----------- ----- -------
80000000    80000000    000000b4   000000b4    r-x
  80000000    80000000    000000b4   000000b4    r-x .init
800000b8    800000b8    000000d8   000000d8    rw-
  800000b8    800000b8    000000d8   000000d8    rw- .data
80000190    80000190    00000088   00000088    r--
  80000190    80000190    00000088   00000088    r-- .cinit
80004000    80004000    00075480   00000000    rw-
  80004000    80004000    00075480   00000000    rw- .bss
80079480    80079480    0002cfc8   0002cfc8    r-x
  80079480    80079480    0001a3a8   0001a3a8    r-x .text
  80093828    80093828    00012c20   00012c20    r-- .const
87fffff0    87fffff0    00000008   00000000    rw-
  87fffff0    87fffff0    00000008   00000000    rw- .stack


SECTION ALLOCATION MAP

 output                                  attributes/
section   page    origin      length       input sections
--------  ----  ----------  ----------   ----------------
.init      0    80000000    000000b4     
                  80000000    000000ac     system.lib : init.obj (.text)
                  800000ac    00000008     rtsv7A8_A_le_eabi.lib : auto_init.obj (.tramp.__TI_auto_init.1)

.data      0    800000b8    000000d8     
                  800000b8    00000070     rtsv7A8_A_le_eabi.lib : xlvalues.obj (.data)
                  80000128    00000024     httpd_io.obj (.data)
                  8000014c    00000018     Web.obj (.data)
                  80000164    00000014     lwiplib.obj (.data)
                  80000178    00000010     main.obj (.data)
                  80000188    00000004     platform.lib : sysdelay.obj (.data)
                  8000018c    00000004     setupTimer.obj (.data)

.cinit     0    80000190    00000088     
                  80000190    00000064     (.cinit..data.load) [load image, compression = rle]
                  800001f4    0000000c     (__TI_handler_table)
                  80000200    00000008     (.cinit..bss.load) [load image, compression = zero_init]
                  80000208    00000010     (__TI_cinit_table)

.bss       0    80004000    00075480     UNINITIALIZED
                  80004000    0004ec00     lwiplib.obj (.bss:memp_memory_PBUF_POOL_base)
                  80052c00    0002001c     lwiplib.obj (.bss:ram_heap)
                  80072c1c    00000600     lwiplib.obj (.bss:memp_memory_PBUF_base)
                  8007321c    00000200     system.lib : interrupt.obj (.bss:fnRAMVectors)
                  8007341c    00000140     lwiplib.obj (.bss)
                  8007355c    00000110     lwiplib.obj (.bss:lwip_stats)
                  8007366c    00000100     lwiplib.obj (.bss:memp_memory_TCP_PCB_LISTEN_base)
                  8007376c    00000100     lwiplib.obj (.bss:memp_memory_TCP_SEG_base)
                  8007386c    000000f0     httpd_io.obj (.bss:fs_memory)
                  8007395c    000000a0     lwiplib.obj (.bss:arp_table)
                  800739fc    00000080     lwiplib.obj (.bss:memp_memory_UDP_PCB_base)
                  80073a7c    00000070     lwiplib.obj (.bss:memp_memory_RAW_PCB_base)
                  80073aec    00000068     lwiplib.obj (.bss:cpswNetIF)
                  80073b54    0000005c     lwiplib.obj (.bss:cpsw_inst_data)
                  80073bb0    00000054     lwiplib.obj (.bss:locatorData)
                  80073c04    00000044     Web.obj (.bss)
                  80073c48    00000028     main.obj (.bss:arduino)
                  80073c70    00000028     lwiplib.obj (.bss:dhcp_rx_options_val)
                  80073c98    00000368     --HOLE--
                  80074000    00004000     main.obj (.bss:pageTable)
                  80078000    00001480     lwiplib.obj (.bss:memp_memory_TCP_PCB_base)

.text      0    80079480    0001a3a8     
                  80079480    00010254     lwiplib.obj (.text)
                  800896d4    00001f44     httpd_io.obj (.text)
                  8008b618    00001724     rtsv7A8_A_le_eabi.lib : _printfi.obj (.text)
                  8008cd3c    00000e2c     drivers.lib : uart_irda_cir.obj (.text)
                  8008db68    000007e4                 : cpsw.obj (.text)
                  8008e34c    000007b4     utils.lib : uartStdio.obj (.text)
                  8008eb00    000006cc     cgifuncs.obj (.text)
                  8008f1cc    00000668     Web.obj (.text)
                  8008f834    00000488     drivers.lib : gpio_v2.obj (.text)
                  8008fcbc    0000047c     system.lib : cp15.obj (.text)
                  80090138    0000046c     platform.lib : dmtimer.obj (.text)
                  800905a4    00000450     main.obj (.text)
                  800909f4    000002d4     drivers.lib : phy.obj (.text)
                  80090cc8    000002b8     rtsv7A8_A_le_eabi.lib : ull_div32.obj (.text)
                  80090f80    00000270     system.lib : interrupt.obj (.text)
                  800911f0    00000264     Uart_l.obj (.text)
                  80091454    00000240     Uart.obj (.text)
                  80091694    00000214     rtsv7A8_A_le_eabi.lib : fd_add32.obj (.text)
                  800918a8    000001cc     setupGpio.obj (.text)
                  80091a74    000001c4     platform.lib : uart.obj (.text)
                  80091c38    000001a8     drivers.lib : dmtimer.obj (.text)
                  80091de0    000001a0                 : watchdog.obj (.text)
                  80091f80    00000190     rtsv7A8_A_le_eabi.lib : fd_div32.obj (.text)
                  80092110    00000180                           : memcpy32.obj (.text)
                  80092290    00000170     setupTimer.obj (.text)
                  80092400    00000160     platform.lib : sysdelay.obj (.text)
                  80092560    00000128     rtsv7A8_A_le_eabi.lib : fd_mul32.obj (.text)
                  80092688    00000118                           : i_div32.obj (.text)
                  800927a0    00000110     platform.lib : watchdog.obj (.text)
                  800928b0    0000010c                  : uartConsole.obj (.text)
                  800929bc    00000100     rtsv7A8_A_le_eabi.lib : snprintf.obj (.text)
                  80092abc    000000fc     system.lib : exceptionhandler.obj (.text)
                  80092bb8    000000f4     rtsv7A8_A_le_eabi.lib : u_div32.obj (.text)
                  80092cac    000000ec     platform.lib : cpsw.obj (.text)
                  80092d98    000000e4     drivers.lib : mdio.obj (.text)
                  80092e7c    000000d4     rtsv7A8_A_le_eabi.lib : auto_init.obj (.text)
                  80092f50    000000d0                           : fd_cmp32.obj (.text)
                  80093020    000000b8     system.lib : mmu.obj (.text)
                  800930d8    000000b0     rtsv7A8_A_le_eabi.lib : memset32.obj (.text)
                  80093188    00000098                           : copy_decompress_rle.obj (.text)
                  80093220    0000008c                           : cpy_tbl.obj (.text)
                  800932ac    0000008c                           : xdtest.obj (.text)
                  80093338    00000088     system.lib : cache.obj (.text)
                  800933c0    00000084     rtsv7A8_A_le_eabi.lib : atoi.obj (.text)
                  80093444    00000080                           : ltoa.obj (.text)
                  800934c4    00000060                           : strstr.obj (.text)
                  80093524    00000060     system.lib : cpu.obj (.text)
                  80093584    0000005c     rtsv7A8_A_le_eabi.lib : fd_toi32.obj (.text)
                  800935e0    00000050     setupWatchdog.obj (.text)
                  80093630    00000044     system.lib : startup.obj (.text)
                  80093674    0000003c     rtsv7A8_A_le_eabi.lib : i_tofd32.obj (.text)
                  800936b0    00000034                           : strncmp.obj (.text)
                  800936e4    0000002c     reset.obj (.text)
                  80093710    0000002c     rtsv7A8_A_le_eabi.lib : memccpy.obj (.text)
                  8009373c    0000002c                           : strcmp.obj (.text)
                  80093768    00000028                           : strchr.obj (.text)
                  80093790    00000020                           : copy_zero_init.obj (.text:decompress:ZI)
                  800937b0    00000020                           : icall32.obj (.text)
                  800937d0    0000001c                           : strlen.obj (.text)
                  800937ec    00000014                           : copy_decompress_none.obj (.text:decompress:none)
                  80093800    00000014                           : xdclass.obj (.text)
                  80093814    0000000c     system.lib : cpu.obj (.text:CPUIntStatus)
                  80093820    00000008     rtsv7A8_A_le_eabi.lib : copy_decompress_rle.obj (.text:decompress:rle24)

.const     0    80093828    00012c20     
                  80093828    00011d15     httpd_io.obj (.const:data_bblcd1_jpg)
                  800a553d    00000003     --HOLE-- [fill = 0]
                  800a5540    00000b53     httpd_io.obj (.const:data_io_cgi_ssi)
                  800a6093    00000001     --HOLE-- [fill = 0]
                  800a6094    00000101     rtsv7A8_A_le_eabi.lib : ctype.obj (.const:_ctypes_)
                  800a6195    00000003     --HOLE-- [fill = 0]
                  800a6198    00000078     lwiplib.obj (.const:.string)
                  800a6210    00000070     lwiplib.obj (.const)
                  800a6280    0000006c     httpd_io.obj (.const:.string)
                  800a62ec    00000054     main.obj (.const)
                  800a6340    0000003c     Web.obj (.const:.string)
                  800a637c    00000038     system.lib : startup.obj (.const:vecTbl)
                  800a63b4    00000030     httpd_io.obj (.const)
                  800a63e4    0000002c     lwiplib.obj (.const:tcp_state_str)
                  800a6410    00000028     httpd_io.obj (.const:g_psDefaultFilenames)
                  800a6438    00000010     Web.obj (.const)

.stack     0    87fffff0    00000008     UNINITIALIZED
                  87fffff0    00000008     --HOLE--


LINKER GENERATED COPY TABLES

__TI_cinit_table @ 80000208 records: 2, size/record: 8, table size: 16
	.data: load addr=80000190, load size=00000064 bytes, run addr=800000b8, run size=000000d8 bytes, compression=rle
	.bss: load addr=80000200, load size=00000008 bytes, run addr=80004000, run size=00075480 bytes, compression=zero_init


LINKER GENERATED HANDLER TABLE

__TI_handler_table @ 800001f4 records: 3, size/record: 4, table size: 12
	index: 0, handler: __TI_decompress_rle24
	index: 1, handler: __TI_decompress_none
	index: 2, handler: __TI_zero_init


FAR CALL TRAMPOLINES

callee name               trampoline name
   callee addr  tramp addr   call addr  call info
--------------  -----------  ---------  ----------------
__TI_auto_init            $Tramp$AA$S$$__TI_auto_init
   80092e7c     800000ac     80000084   system.lib : init.obj (.text)

[1 trampolines]
[1 trampoline calls]


GLOBAL SYMBOLS: SORTED ALPHABETICALLY BY Name 

address    name
--------   ----
80092ba0   AbortHandler
8009010c   CP15AuxControlFeatureDisable
800900f8   CP15AuxControlFeatureEnable
800900a0   CP15BranchPredictionDisable
80090090   CP15BranchPredictionEnable
80090084   CP15BranchPredictorInvalidate
800900c0   CP15ControlFeatureDisable
800900d4   CP15ControlFeatureEnable
8008fd9c   CP15DCacheClean
8008fed4   CP15DCacheCleanBuff
8008fe30   CP15DCacheCleanFlush
8008ff28   CP15DCacheCleanFlushBuff
8008fccc   CP15DCacheDisable
8008fcf8   CP15DCacheEnable
8008fd08   CP15DCacheFlush
8008ff7c   CP15DCacheFlushBuff
800900b0   CP15DomainAccessClientSet
8008fcbc   CP15ICacheDisable
8008fce8   CP15ICacheEnable
8008fec4   CP15ICacheFlush
8008ffe0   CP15ICacheFlushBuff
8009004c   CP15MMUDisable
80090064   CP15MMUEnable
80090120   CP15MainIdPrimPartNumGet
80090040   CP15TlbInvalidate
80090034   CP15Ttb0Set
800900e8   CP15TtbCtlTtb0Config
80090078   CP15VectorBaseAddrSet
8008e2f0   CPSWALEBypassDisable
8008e2e0   CPSWALEBypassEnable
8008e2d4   CPSWALEInit
8008e2b4   CPSWALEPortStateSet
8008e2a8   CPSWALEPrescaleGet
8008e294   CPSWALEPrescaleSet
8008dd88   CPSWALETableEntryGet
8008df60   CPSWALETableEntrySet
8008e284   CPSWALEVLANAwareSet
8008e274   CPSWCPDMACmdIdleDisable
8008dd6c   CPSWCPDMACmdIdleEnable
8008e26c   CPSWCPDMAConfig
8008e264   CPSWCPDMAEndOfIntVectorWrite
8008e258   CPSWCPDMANumFreeBufSet
8008e21c   CPSWCPDMAReset
8008e214   CPSWCPDMARxBufOffsetSet
8008e208   CPSWCPDMARxCPWrite
8008e1fc   CPSWCPDMARxEnable
8008e1f0   CPSWCPDMARxHdrDescPtrWrite
8008e1dc   CPSWCPDMARxIntDisable
8008e1c8   CPSWCPDMARxIntEnable
8008e1bc   CPSWCPDMARxIntStatMaskedGet
8008e1b0   CPSWCPDMARxIntStatRawGet
8008e19c   CPSWCPDMAStatusGet
8008e190   CPSWCPDMATxCPWrite
8008e184   CPSWCPDMATxEnable
8008e178   CPSWCPDMATxHdrDescPtrWrite
8008e164   CPSWCPDMATxIntDisable
8008e150   CPSWCPDMATxIntEnable
8008e144   CPSWCPDMATxIntStatMaskedGet
8008e138   CPSWCPDMATxIntStatRawGet
80092d5c   CPSWClkEnable
8008df8c   CPSWContextRestore
8008dda8   CPSWContextSave
8008dd50   CPSWHostPortDualMacModeSet
80092d08   CPSWPinMuxSetup
8008dd1c   CPSWPortSrcAddrSet
8008dd0c   CPSWPortVLANConfig
8008dcf8   CPSWRxFlowControlDisable
8008dce4   CPSWRxFlowControlEnable
8008dccc   CPSWSSReset
8008dcbc   CPSWSlControlExtEnable
8008dcac   CPSWSlGMIIEnable
8008dc9c   CPSWSlGigModeForceDisable
8008dc8c   CPSWSlGigModeForceEnable
8008dc80   CPSWSlMACStatusGet
8008dc6c   CPSWSlRGMIIEnable
8008dc54   CPSWSlReset
8008dc4c   CPSWSlRxMaxLenSet
8008dc30   CPSWSlTransferModeSet
8008dc20   CPSWSoftwareIdleDisable
8008dc10   CPSWSoftwareIdleEnable
8008dc04   CPSWStatisticsEnable
8008dbfc   CPSWStatisticsGet
8008dbec   CPSWVLANAwareDisable
8008dbe0   CPSWWrControlRegReset
8008dbc4   CPSWWrCoreIntDisable
8008dba8   CPSWWrCoreIntEnable
8008db8c   CPSWWrCoreIntStatusGet
8008db80   CPSWWrRGMIIStatusGet
8008db68   CPSWWrReset
80093580   CPUAbortHandler
80093814   CPUIntStatus
80093578   CPUSwitchToPrivilegedMode
80093564   CPUSwitchToUserMode
80093554   CPUfiqd
80093544   CPUfiqe
80093534   CPUirqd
80093524   CPUirqe
8008fd9c   CacheDataCleanAll
8008fed4   CacheDataCleanBuff
8008fe30   CacheDataCleanInvalidateAll
8008ff28   CacheDataCleanInvalidateBuff
8008fd08   CacheDataInvalidateAll
8008ff7c   CacheDataInvalidateBuff
8009337c   CacheDisable
80093338   CacheEnable
8008fec4   CacheInstInvalidateAll
8008ffe0   CacheInstInvalidateBuff
8008ef3c   CheckDecimalParam
800936f8   ColdSWReset
80090484   DMTimer2ModuleClkConfig
8009036c   DMTimer3ModuleClkConfig
80090250   DMTimer4ModuleClkConfig
80090138   DMTimer7ModuleClkConfig
80091dd8   DMTimerCompareGet
80091dd0   DMTimerCompareSet
80092290   DMTimerConfigure
80091da4   DMTimerContextRestore
80091d78   DMTimerContextSave
80091d70   DMTimerCounterGet
80091d68   DMTimerCounterSet
80091d58   DMTimerDisable
80091d48   DMTimerEnable
80091d28   DMTimerGPOConfigure
80091d1c   DMTimerIntDisable
80091d10   DMTimerIntEnable
80091d08   DMTimerIntEnableGet
80091d00   DMTimerIntRawStatusGet
80091cf4   DMTimerIntRawStatusSet
80091ce8   DMTimerIntStatusClear
80091ce0   DMTimerIntStatusGet
80090758   DMTimerIsr
80091cc0   DMTimerModeConfigure
80091cb0   DMTimerPreScalerClkDisable
80091c90   DMTimerPreScalerClkEnable
80091c88   DMTimerReloadGet
80091c80   DMTimerReloadSet
80091c64   DMTimerReset
80091c44   DMTimerResetConfigure
80091c38   DMTimerTriggerSet
8008edcc   DecodeFormString
8008ec68   DecodeHexEscape
800924d8   DelayTimerSetup
80092cbc   EVMMACAddrGet
80092cac   EVMPortMIIModeSelect
8008ece4   EncodeFormString
8008f230   EnetHttpServerInit
8008f324   EnetIfIsUp
8008f304   EnetIntRegister
8008f338   EnetLinkIsUp
80000000   Entry
80092b9c   FIQHandler
8008eb00   FindCGIParameter
8008fc9c   GPIOAutoIdleModeControl
8008fc7c   GPIODebounceFuncControl
8008fc70   GPIODebounceTimeConfig
8008fc50   GPIODirModeGet
8008fc20   GPIODirModeSet
8008fc00   GPIOGatingRatioConfigure
8008fbe0   GPIOIdleModeConfigure
8008fb7c   GPIOIntTypeGet
8008fa58   GPIOIntTypeSet
800918a8   GPIOModuleConfig
8008fa48   GPIOModuleDisable
8008fa38   GPIOModuleEnable
8008fa1c   GPIOModuleReset
8008fa10   GPIOMultiplePinsRead
8008fa04   GPIOMultiplePinsWrite
8008f9dc   GPIOPinIntClear
8008f9b4   GPIOPinIntDisable
8008f98c   GPIOPinIntEnable
8008f964   GPIOPinIntStatus
8008f934   GPIOPinIntWakeUpDisable
8008f904   GPIOPinIntWakeUpEnable
8008f8f4   GPIOPinRead
8008f8cc   GPIOPinWrite
8008f8ac   GPIORawIntStatus
8008f8a4   GPIORevisionInfoGet
8008f87c   GPIOTriggerPinInt
8008f86c   GPIOWakeupGlobalDisable
8008f85c   GPIOWakeupGlobalEnable
8008f150   GetCGIParam
8008ebdc   HexDigit
800937b0   IND_CALL
80092b00   IRQHandler
80091178   IntAINTCInit
80091168   IntActiveIrqNumGet
80091158   IntCurrIrqPriorityGet
8009113c   IntDisable
8009112c   IntEnable
80091118   IntFuncClkAutoGateSet
80091104   IntFuncClkFreeRunSet
800910f0   IntIfClkAutoGateSet
800910dc   IntIfClkFreeRunSet
80093554   IntMasterFIQDisable
80093544   IntMasterFIQEnable
80093534   IntMasterIRQDisable
80093524   IntMasterIRQEnable
80093814   IntMasterStatusGet
800910b8   IntPendingIrqMaskedStatusGet
800910a4   IntPrioritySet
80091094   IntPriorityThresholdGet
80091084   IntPriorityThresholdSet
80091070   IntProtectionDisable
80091060   IntProtectionEnable
80091044   IntRawStatusGet
80091038   IntRegister
8009101c   IntSoftwareIntClear
80091000   IntSoftwareIntSet
80090ff0   IntSpurIrqFlagGet
80090fdc   IntSyncClkAutoGateSet
80090fc8   IntSyncClkFreeRunSet
80090fac   IntSystemDisable
80090f90   IntSystemEnable
80090f80   IntUnRegister
800924cc   IsTimerElapsed
8008eb78   IsValidHexDigit
8000014c   LEDState
800890a8   LocatorConfig
80092e6c   MDIOContextRestore
80092e60   MDIOContextSave
80092e34   MDIOInit
80092e2c   MDIOPhyAliveStatusGet
80092e24   MDIOPhyLinkStatusGet
80092dd0   MDIOPhyRegRead
80092d98   MDIOPhyRegWrite
800930c4   MMUEnable
80093090   MMUInit
80093020   MMUMemRegionMap
80090ca4   PhyAutoNegStatusGet
80090b90   PhyAutoNegotiate
80090b4c   PhyIDGet
80090ae4   PhyLinkStatusGet
80090a90   PhyLoopBackDisable
80090a40   PhyLoopBackEnable
800909f4   PhyPartnerAbilityGet
80092dd0   PhyRegRead
80092d98   PhyRegWrite
UNDEFED    SHT$$INIT_ARRAY$$Base
UNDEFED    SHT$$INIT_ARRAY$$Limit
80092ad8   SVCHandler
80092488   StartTimer
80092468   StopTimer
800924d8   SysDelayTimerSetup
800924cc   SysIsTimerElapsed
80092488   SysStartTimer
80092468   SysStopTimer
80092400   Sysdelay
800922d4   Timer2Config
80092304   Timer2IntEnable
800922a8   Timer2IntRegister
80092318   Timer2Start
80092328   Timer2Stop
80092364   Timer4Config
80092394   Timer4IntEnable
80092338   Timer4IntRegister
800923a8   Timer4Start
800923b8   Timer4Stop
80091a94   UART0ModuleClkConfig
80091208   UART1Getc
8009121c   UART1InitExpClk
800912e0   UART1ModuleConfig
800911f0   UART1Sendc
8008db48   UARTAutoIdleModeControl
8008dafc   UARTAutoRTSAutoCTSControl
8008dad8   UARTAutobaudParityGet
8008dab4   UARTAutobaudSpeedGet
8008da90   UARTAutobaudWordLenGet
8008da70   UARTBreakCtl
8008da40   UARTCharGet
8008da08   UARTCharGetNonBlocking
8008d9d8   UARTCharPut
8008d99c   UARTCharPutNonBlocking
8008d968   UARTCharsAvail
80092998   UARTConsoleGetc
80092974   UARTConsoleInit
800928b0   UARTConsolePutc
8008d948   UARTDMACounterResetControl
8008d92c   UARTDMADisable
8008d900   UARTDMAEnable
8008d8e0   UARTDSRInterruptControl
8008d8d0   UARTDivisorLatchDisable
8008d8c0   UARTDivisorLatchEnable
8008d4c8   UARTDivisorLatchWrite
8008d870   UARTDivisorValCompute
8008d838   UARTEnhanFuncBitValRestore
8008d808   UARTEnhanFuncEnable
8008d648   UARTFIFOConfig
8008d614   UARTFIFOEnableStatusGet
8008d5d8   UARTFIFORegisterWrite
8008d498   UARTFIFOTrigLvlGranControl
8008d484   UARTFlowCtrlTrigLvlConfig
8008e9c0   UARTGetHexNum
8008e940   UARTGetNum
80092998   UARTGetc
8008e8d8   UARTGets
8008d464   UARTIdleModeConfigure
8008d3e8   UARTIntDisable
8008d364   UARTIntEnable
8008d340   UARTIntIdentityGet
8008d30c   UARTIntPendingStatusGet
8008d2d0   UARTLineCharacConfig
8008d2b0   UARTLoopbackModeControl
8008d294   UARTModemControlClear
8008d280   UARTModemControlSet
8008d274   UARTModemStatusChangeCheck
8008d268   UARTModemStatusGet
8008d24c   UARTModuleReset
8008d240   UARTModuleVersionNumberGet
8008d214   UARTOperatingModeSelect
8008d208   UARTParityModeGet
8008d1e8   UARTParityModeSet
80091a74   UARTPinMuxSetup
8008d1c8   UARTPulseShapingControl
8008e820   UARTPutHexNum
8008e770   UARTPutNum
800928b0   UARTPutc
8008e704   UARTPuts
8008d1bc   UARTRXCTSDSRTransitionStatusGet
8008d19c   UARTRXCTSDSRWakeUpConfigure
8008d194   UARTRegConfModeRestore
8008cd3c   UARTRegConfigModeEnable
8008d18c   UARTResumeOperation
8008d168   UARTRxErrorGet
8008d15c   UARTScratchPadRegRead
8008d13c   UARTScratchPadRegWrite
8008d104   UARTSoftwareFlowCtrlOptSet
8008d0d0   UARTSpaceAvail
8008d098   UARTSpecialCharDetectControl
80092974   UARTStdioInit
8008d020   UARTSubConfigMSRSPRModeEn
8008cfa8   UARTSubConfigTCRTLRModeEn
8008cf30   UARTSubConfigXOFFModeEn
8008ceb0   UARTTCRTLRBitValRestore
8008ce90   UARTTxDMAThresholdControl
8008ce70   UARTTxDMAThresholdValConfig
8008ce50   UARTTxEmptyIntControl
8008ce44   UARTTxFIFOFullStatusGet
8008ce24   UARTWakeUpControl
8008ce08   UARTWakeUpEventsDisable
8008cdf4   UARTWakeUpEventsEnable
8008cde8   UARTXON1XOFF1ValProgram
8008cddc   UARTXON2XOFF2ValProgram
8008cd78   UARTXONAnyFeatureControl
8008e398   UARTprintf
8008e34c   UARTwrite
80092ba0   UndefInstHandler
800936e4   WarmSWReset
800927a0   WatchdogTimer1ModuleClkConfig
80091f68   WatchdogTimerCounterGet
80091f54   WatchdogTimerCounterSet
80091f4c   WatchdogTimerDelayGet
80091f38   WatchdogTimerDelaySet
80091f0c   WatchdogTimerDisable
80091ee0   WatchdogTimerEnable
80091ed4   WatchdogTimerIntDisable
80091ec8   WatchdogTimerIntEnable
80091ec0   WatchdogTimerIntEnableStatusGet
80091eb8   WatchdogTimerIntRawStatusGet
80091eac   WatchdogTimerIntRawStatusSet
80091ea0   WatchdogTimerIntStatusClear
80091e98   WatchdogTimerIntStatusGet
80091e7c   WatchdogTimerPreScalerClkDisable
80091e40   WatchdogTimerPreScalerClkEnable
80091e38   WatchdogTimerReloadGet
80091e24   WatchdogTimerReloadSet
80091e08   WatchdogTimerReset
80091e00   WatchdogTimerRevisionIDGet
800935e0   WatchdogTimerSetUp
80091dec   WatchdogTimerTriggerSet
80091de0   WatchdogTimerWritePostedStatusGet
8008f1cc   WebserverInit
80091688   XBeeUARTInit
80093800   _Dclass
800932ac   _Dtest
800000b8   _LDenorm
800000c8   _LEps
800000d8   _LInf
800000e8   _LNan
80000108   _LRteps
800000f8   _LSnan
80000118   _LXbig
80000120   _LZero
87fffff8   __STACK_END
00000008   __STACK_SIZE
80000208   __TI_CINIT_Base
80000218   __TI_CINIT_Limit
800001f4   __TI_Handler_Table_Base
80000200   __TI_Handler_Table_Limit
00000001   __TI_args_main
80092e7c   __TI_auto_init
800937ec   __TI_decompress_none
80093820   __TI_decompress_rle24
80000190   __TI_static_base__
80093790   __TI_zero_init
80092f50   __aeabi_cdcmpeq
80092f50   __aeabi_cdcmple
80093584   __aeabi_d2iz
800916a0   __aeabi_dadd
80091f80   __aeabi_ddiv
80092560   __aeabi_dmul
80091694   __aeabi_dsub
80093674   __aeabi_i2d
80092688   __aeabi_idivmod
800930d8   __aeabi_memclr
800930d8   __aeabi_memclr4
800930d8   __aeabi_memclr8
80092110   __aeabi_memcpy
80092110   __aeabi_memcpy4
80092110   __aeabi_memcpy8
800930dc   __aeabi_memset
800930dc   __aeabi_memset4
800930dc   __aeabi_memset8
80092bb8   __aeabi_uidivmod
80090cc8   __aeabi_uldivmod
ffffffff   __binit__
ffffffff   __c_args__
87fffff0   __stack
800a6094   _ctypes_
8008caa8   _printfi
80000150   accessCnt
80073c48   arduino
800933c0   atoi
ffffffff   binit
80079480   bss_end
80004000   bss_start
80000184   clickIdx
80093220   copy_in
800734e4   cpdma_rx_bd
800734d0   cpdma_tx_bd
80088ad4   cpswif_init
80088ef0   cpswif_link_status
80088ec4   cpswif_netif_status
80088b8c   cpswif_rx_inthandler
80088d1c   cpswif_tx_inthandler
8007351c   cpswport
800734c0   cpswportif
800734b0   current_header
800734b8   current_iphdr_dest
800734b4   current_iphdr_src
800734ac   current_netif
80092400   delay
80079bc4   dhcp_cleanup
80079778   dhcp_coarse_tmr
8007980c   dhcp_fine_tmr
80079d84   dhcp_inform
80079ed0   dhcp_network_changed
8007a63c   dhcp_release
8007a2b4   dhcp_renew
8007341c   dhcp_rx_options_given
80073c70   dhcp_rx_options_val
80079b98   dhcp_set_struct
80079bf8   dhcp_start
8007a7b0   dhcp_stop
80086f50   etharp_find_addr
80087284   etharp_output
80087470   etharp_query
80087888   etharp_request
80086a44   etharp_tmr
800a6274   ethbroadcast
800878e4   ethernet_input
800a627a   ethzero
800a63b4   file_bblcd1_jpg
800a63c8   file_io_cgi_ssi
8007321c   fnRAMVectors
80073518   free_head
80089958   fs_bytes_left
800898a0   fs_close
8007386c   fs_memory
800897d4   fs_open
800898b4   fs_read
80000148   g_iNumCGIs
8000013c   g_iNumTags
80000144   g_pCGIs
80000128   g_pcSSIExtensions
800a63dc   g_pcTagLeadIn
800a63e0   g_pcTagLeadOut
80000138   g_pfnSSIHandler
80000140   g_ppcTags
800a6410   g_psDefaultFilenames
8008f848   gpioContextRestore
8008f834   gpioContextSave
8008b5c4   http_set_cgi_handlers
8008b588   http_set_ssi_handler
8008b570   httpd_init
80085390   icmp_dest_unreach
80085034   icmp_input
800859c4   inet_chksum
800859e8   inet_chksum_pbuf
80085604   inet_chksum_pseudo
800857d0   inet_chksum_pseudo_partial
80086398   ip4_addr_isbroadcast
80086468   ip4_addr_netmask_valid
80073c04   ipAddr
800a626c   ip_addr_any
800a6270   ip_addr_broadcast
80085be4   ip_input
80086320   ip_output
80086098   ip_output_if
80085ae8   ip_route
800864fc   ipaddr_addr
80086528   ipaddr_aton
80086864   ipaddr_ntoa
80086880   ipaddr_ntoa_r
80093444   ltoa
800895a8   lwIPDHCPStart
80089314   lwIPInit
8008955c   lwIPLinkStatusGet
80089524   lwIPNetIfStatusGet
80089578   lwIPRxIntHandler
80089594   lwIPTxIntHandler
80073c08   lwipIfPort1
80073c28   lwipIfPort2
800794c0   lwip_htonl
80079480   lwip_htons
8007b56c   lwip_init
800794fc   lwip_ntohl
800794ac   lwip_ntohs
8007355c   lwip_stats
80090624   main
8007bdfc   mem_calloc
8007b778   mem_free
8007b6c8   mem_init
8007bb38   mem_malloc
8007b84c   mem_trim
80093710   memccpy
80092110   memcpy
8007c070   memp_free
8007be48   memp_init
8007bf98   memp_malloc
80004000   memp_memory_PBUF_POOL_base
80072c1c   memp_memory_PBUF_base
80073a7c   memp_memory_RAW_PCB_base
8007366c   memp_memory_TCP_PCB_LISTEN_base
80078000   memp_memory_TCP_PCB_base
8007376c   memp_memory_TCP_SEG_base
800739fc   memp_memory_UDP_PCB_base
800930e8   memset
8007c0ec   netif_add
80073454   netif_default
8007c2fc   netif_find
8007c0e8   netif_init
80073450   netif_list
8007c210   netif_remove
8007c1cc   netif_set_addr
8007c57c   netif_set_default
8007c608   netif_set_down
8007c508   netif_set_gw
8007c3b4   netif_set_ipaddr
8007c6b0   netif_set_link_down
8007c638   netif_set_link_up
8007c540   netif_set_netmask
8007c5ac   netif_set_up
800914c8   packXBeeData
8007c6ec   pbuf_alloc
8007ceac   pbuf_cat
8007cf3c   pbuf_chain
8007ce08   pbuf_clen
8007d458   pbuf_coalesce
8007cff0   pbuf_copy
8007d1c8   pbuf_copy_partial
8007cf60   pbuf_dechain
8007ccf8   pbuf_free
8007d4d0   pbuf_get_at
8007cb80   pbuf_header
8007d570   pbuf_memcmp
8007d684   pbuf_memfind
8007ca44   pbuf_realloc
8007ce60   pbuf_ref
8007d730   pbuf_strstr
8007d338   pbuf_take
80087a0c   perf_init
80052c00   ram_heap
8007d8f8   raw_bind
8007d934   raw_connect
8007d7b0   raw_input
8007dbc8   raw_new
8007d970   raw_recv
8007db20   raw_remove
8007dafc   raw_send
8007d9a0   raw_sendto
80091468   rcvXBeeByte
800734f8   rxch
80091454   sendXBeeByte
80091474   sendXBeePkt
80091a0c   setLED
800929bc   snprintf
8009365c   start_boot
8007dc34   stats_init
80093768   strchr
8009373c   strcmp
800937d0   strlen
800936b0   strncmp
800934c4   strstr
80087a1c   sys_arch_protect
80087a38   sys_arch_unprotect
8007e0e4   tcp_abandon
8007e240   tcp_abort
8007f770   tcp_accept
80073468   tcp_active_pcbs
8007f518   tcp_alloc
8007f6e8   tcp_arg
800a6248   tcp_backoff
8007e258   tcp_bind
80073460   tcp_bound_pcbs
8007dffc   tcp_close
8007e7f8   tcp_connect
8007fa44   tcp_debug_state_str
8007f9d0   tcp_eff_send_mss
80083498   tcp_enqueue_flags
8007f750   tcp_err
8007f11c   tcp_fasttmr
8007fa78   tcp_input
800734a4   tcp_input_pcb
800841e8   tcp_keepalive
80073464   tcp_listen_pcbs
8007e3f8   tcp_listen_with_backlog
8007f6d8   tcp_new
8007f9ac   tcp_next_iss
800837e4   tcp_output
800a625c   tcp_pcb_lists
8007f7c0   tcp_pcb_purge
8007f880   tcp_pcb_remove
800a6255   tcp_persist_backoff
8007f790   tcp_poll
8007f70c   tcp_recv
8007f328   tcp_recv_null
8007e6bc   tcp_recved
80084040   tcp_rexmit
8008410c   tcp_rexmit_fast
80083fa8   tcp_rexmit_rto
80083e84   tcp_rst
8007f2dc   tcp_seg_copy
8007f278   tcp_seg_free
8007f238   tcp_segs_free
80083704   tcp_send_empty_ack
8008294c   tcp_send_fin
8007f730   tcp_sent
8007f2bc   tcp_setprio
8007e034   tcp_shutdown
8007eac4   tcp_slowtmr
800a63e4   tcp_state_str
8007345c   tcp_ticks
80079510   tcp_timer_needed
80073470   tcp_tmp_pcb
8007dc38   tcp_tmr
8007346c   tcp_tw_pcbs
8007e5e0   tcp_update_rcv_ann_wnd
80082dc0   tcp_write
800842ac   tcp_zero_window_probe
8000018c   tmr4Flag
80000180   triggerValue
80073508   txch
80084c14   udp_bind
80084ddc   udp_connect
80084ee0   udp_disconnect
8008446c   udp_input
80084ff4   udp_new
800734a8   udp_pcbs
80084f1c   udp_recv
80084f4c   udp_remove
80084930   udp_send
8008495c   udp_sendto
800849c8   udp_sendto_if
80091954   userLEDConfig


GLOBAL SYMBOLS: SORTED BY Symbol Address 

address    name
--------   ----
00000001   __TI_args_main
00000008   __STACK_SIZE
80000000   Entry
800000b8   _LDenorm
800000c8   _LEps
800000d8   _LInf
800000e8   _LNan
800000f8   _LSnan
80000108   _LRteps
80000118   _LXbig
80000120   _LZero
80000128   g_pcSSIExtensions
80000138   g_pfnSSIHandler
8000013c   g_iNumTags
80000140   g_ppcTags
80000144   g_pCGIs
80000148   g_iNumCGIs
8000014c   LEDState
80000150   accessCnt
80000180   triggerValue
80000184   clickIdx
8000018c   tmr4Flag
80000190   __TI_static_base__
800001f4   __TI_Handler_Table_Base
80000200   __TI_Handler_Table_Limit
80000208   __TI_CINIT_Base
80000218   __TI_CINIT_Limit
80004000   bss_start
80004000   memp_memory_PBUF_POOL_base
80052c00   ram_heap
80072c1c   memp_memory_PBUF_base
8007321c   fnRAMVectors
8007341c   dhcp_rx_options_given
80073450   netif_list
80073454   netif_default
8007345c   tcp_ticks
80073460   tcp_bound_pcbs
80073464   tcp_listen_pcbs
80073468   tcp_active_pcbs
8007346c   tcp_tw_pcbs
80073470   tcp_tmp_pcb
800734a4   tcp_input_pcb
800734a8   udp_pcbs
800734ac   current_netif
800734b0   current_header
800734b4   current_iphdr_src
800734b8   current_iphdr_dest
800734c0   cpswportif
800734d0   cpdma_tx_bd
800734e4   cpdma_rx_bd
800734f8   rxch
80073508   txch
80073518   free_head
8007351c   cpswport
8007355c   lwip_stats
8007366c   memp_memory_TCP_PCB_LISTEN_base
8007376c   memp_memory_TCP_SEG_base
8007386c   fs_memory
800739fc   memp_memory_UDP_PCB_base
80073a7c   memp_memory_RAW_PCB_base
80073c04   ipAddr
80073c08   lwipIfPort1
80073c28   lwipIfPort2
80073c48   arduino
80073c70   dhcp_rx_options_val
80078000   memp_memory_TCP_PCB_base
80079480   bss_end
80079480   lwip_htons
800794ac   lwip_ntohs
800794c0   lwip_htonl
800794fc   lwip_ntohl
80079510   tcp_timer_needed
80079778   dhcp_coarse_tmr
8007980c   dhcp_fine_tmr
80079b98   dhcp_set_struct
80079bc4   dhcp_cleanup
80079bf8   dhcp_start
80079d84   dhcp_inform
80079ed0   dhcp_network_changed
8007a2b4   dhcp_renew
8007a63c   dhcp_release
8007a7b0   dhcp_stop
8007b56c   lwip_init
8007b6c8   mem_init
8007b778   mem_free
8007b84c   mem_trim
8007bb38   mem_malloc
8007bdfc   mem_calloc
8007be48   memp_init
8007bf98   memp_malloc
8007c070   memp_free
8007c0e8   netif_init
8007c0ec   netif_add
8007c1cc   netif_set_addr
8007c210   netif_remove
8007c2fc   netif_find
8007c3b4   netif_set_ipaddr
8007c508   netif_set_gw
8007c540   netif_set_netmask
8007c57c   netif_set_default
8007c5ac   netif_set_up
8007c608   netif_set_down
8007c638   netif_set_link_up
8007c6b0   netif_set_link_down
8007c6ec   pbuf_alloc
8007ca44   pbuf_realloc
8007cb80   pbuf_header
8007ccf8   pbuf_free
8007ce08   pbuf_clen
8007ce60   pbuf_ref
8007ceac   pbuf_cat
8007cf3c   pbuf_chain
8007cf60   pbuf_dechain
8007cff0   pbuf_copy
8007d1c8   pbuf_copy_partial
8007d338   pbuf_take
8007d458   pbuf_coalesce
8007d4d0   pbuf_get_at
8007d570   pbuf_memcmp
8007d684   pbuf_memfind
8007d730   pbuf_strstr
8007d7b0   raw_input
8007d8f8   raw_bind
8007d934   raw_connect
8007d970   raw_recv
8007d9a0   raw_sendto
8007dafc   raw_send
8007db20   raw_remove
8007dbc8   raw_new
8007dc34   stats_init
8007dc38   tcp_tmr
8007dffc   tcp_close
8007e034   tcp_shutdown
8007e0e4   tcp_abandon
8007e240   tcp_abort
8007e258   tcp_bind
8007e3f8   tcp_listen_with_backlog
8007e5e0   tcp_update_rcv_ann_wnd
8007e6bc   tcp_recved
8007e7f8   tcp_connect
8007eac4   tcp_slowtmr
8007f11c   tcp_fasttmr
8007f238   tcp_segs_free
8007f278   tcp_seg_free
8007f2bc   tcp_setprio
8007f2dc   tcp_seg_copy
8007f328   tcp_recv_null
8007f518   tcp_alloc
8007f6d8   tcp_new
8007f6e8   tcp_arg
8007f70c   tcp_recv
8007f730   tcp_sent
8007f750   tcp_err
8007f770   tcp_accept
8007f790   tcp_poll
8007f7c0   tcp_pcb_purge
8007f880   tcp_pcb_remove
8007f9ac   tcp_next_iss
8007f9d0   tcp_eff_send_mss
8007fa44   tcp_debug_state_str
8007fa78   tcp_input
8008294c   tcp_send_fin
80082dc0   tcp_write
80083498   tcp_enqueue_flags
80083704   tcp_send_empty_ack
800837e4   tcp_output
80083e84   tcp_rst
80083fa8   tcp_rexmit_rto
80084040   tcp_rexmit
8008410c   tcp_rexmit_fast
800841e8   tcp_keepalive
800842ac   tcp_zero_window_probe
8008446c   udp_input
80084930   udp_send
8008495c   udp_sendto
800849c8   udp_sendto_if
80084c14   udp_bind
80084ddc   udp_connect
80084ee0   udp_disconnect
80084f1c   udp_recv
80084f4c   udp_remove
80084ff4   udp_new
80085034   icmp_input
80085390   icmp_dest_unreach
80085604   inet_chksum_pseudo
800857d0   inet_chksum_pseudo_partial
800859c4   inet_chksum
800859e8   inet_chksum_pbuf
80085ae8   ip_route
80085be4   ip_input
80086098   ip_output_if
80086320   ip_output
80086398   ip4_addr_isbroadcast
80086468   ip4_addr_netmask_valid
800864fc   ipaddr_addr
80086528   ipaddr_aton
80086864   ipaddr_ntoa
80086880   ipaddr_ntoa_r
80086a44   etharp_tmr
80086f50   etharp_find_addr
80087284   etharp_output
80087470   etharp_query
80087888   etharp_request
800878e4   ethernet_input
80087a0c   perf_init
80087a1c   sys_arch_protect
80087a38   sys_arch_unprotect
80088ad4   cpswif_init
80088b8c   cpswif_rx_inthandler
80088d1c   cpswif_tx_inthandler
80088ec4   cpswif_netif_status
80088ef0   cpswif_link_status
800890a8   LocatorConfig
80089314   lwIPInit
80089524   lwIPNetIfStatusGet
8008955c   lwIPLinkStatusGet
80089578   lwIPRxIntHandler
80089594   lwIPTxIntHandler
800895a8   lwIPDHCPStart
800897d4   fs_open
800898a0   fs_close
800898b4   fs_read
80089958   fs_bytes_left
8008b570   httpd_init
8008b588   http_set_ssi_handler
8008b5c4   http_set_cgi_handlers
8008caa8   _printfi
8008cd3c   UARTRegConfigModeEnable
8008cd78   UARTXONAnyFeatureControl
8008cddc   UARTXON2XOFF2ValProgram
8008cde8   UARTXON1XOFF1ValProgram
8008cdf4   UARTWakeUpEventsEnable
8008ce08   UARTWakeUpEventsDisable
8008ce24   UARTWakeUpControl
8008ce44   UARTTxFIFOFullStatusGet
8008ce50   UARTTxEmptyIntControl
8008ce70   UARTTxDMAThresholdValConfig
8008ce90   UARTTxDMAThresholdControl
8008ceb0   UARTTCRTLRBitValRestore
8008cf30   UARTSubConfigXOFFModeEn
8008cfa8   UARTSubConfigTCRTLRModeEn
8008d020   UARTSubConfigMSRSPRModeEn
8008d098   UARTSpecialCharDetectControl
8008d0d0   UARTSpaceAvail
8008d104   UARTSoftwareFlowCtrlOptSet
8008d13c   UARTScratchPadRegWrite
8008d15c   UARTScratchPadRegRead
8008d168   UARTRxErrorGet
8008d18c   UARTResumeOperation
8008d194   UARTRegConfModeRestore
8008d19c   UARTRXCTSDSRWakeUpConfigure
8008d1bc   UARTRXCTSDSRTransitionStatusGet
8008d1c8   UARTPulseShapingControl
8008d1e8   UARTParityModeSet
8008d208   UARTParityModeGet
8008d214   UARTOperatingModeSelect
8008d240   UARTModuleVersionNumberGet
8008d24c   UARTModuleReset
8008d268   UARTModemStatusGet
8008d274   UARTModemStatusChangeCheck
8008d280   UARTModemControlSet
8008d294   UARTModemControlClear
8008d2b0   UARTLoopbackModeControl
8008d2d0   UARTLineCharacConfig
8008d30c   UARTIntPendingStatusGet
8008d340   UARTIntIdentityGet
8008d364   UARTIntEnable
8008d3e8   UARTIntDisable
8008d464   UARTIdleModeConfigure
8008d484   UARTFlowCtrlTrigLvlConfig
8008d498   UARTFIFOTrigLvlGranControl
8008d4c8   UARTDivisorLatchWrite
8008d5d8   UARTFIFORegisterWrite
8008d614   UARTFIFOEnableStatusGet
8008d648   UARTFIFOConfig
8008d808   UARTEnhanFuncEnable
8008d838   UARTEnhanFuncBitValRestore
8008d870   UARTDivisorValCompute
8008d8c0   UARTDivisorLatchEnable
8008d8d0   UARTDivisorLatchDisable
8008d8e0   UARTDSRInterruptControl
8008d900   UARTDMAEnable
8008d92c   UARTDMADisable
8008d948   UARTDMACounterResetControl
8008d968   UARTCharsAvail
8008d99c   UARTCharPutNonBlocking
8008d9d8   UARTCharPut
8008da08   UARTCharGetNonBlocking
8008da40   UARTCharGet
8008da70   UARTBreakCtl
8008da90   UARTAutobaudWordLenGet
8008dab4   UARTAutobaudSpeedGet
8008dad8   UARTAutobaudParityGet
8008dafc   UARTAutoRTSAutoCTSControl
8008db48   UARTAutoIdleModeControl
8008db68   CPSWWrReset
8008db80   CPSWWrRGMIIStatusGet
8008db8c   CPSWWrCoreIntStatusGet
8008dba8   CPSWWrCoreIntEnable
8008dbc4   CPSWWrCoreIntDisable
8008dbe0   CPSWWrControlRegReset
8008dbec   CPSWVLANAwareDisable
8008dbfc   CPSWStatisticsGet
8008dc04   CPSWStatisticsEnable
8008dc10   CPSWSoftwareIdleEnable
8008dc20   CPSWSoftwareIdleDisable
8008dc30   CPSWSlTransferModeSet
8008dc4c   CPSWSlRxMaxLenSet
8008dc54   CPSWSlReset
8008dc6c   CPSWSlRGMIIEnable
8008dc80   CPSWSlMACStatusGet
8008dc8c   CPSWSlGigModeForceEnable
8008dc9c   CPSWSlGigModeForceDisable
8008dcac   CPSWSlGMIIEnable
8008dcbc   CPSWSlControlExtEnable
8008dccc   CPSWSSReset
8008dce4   CPSWRxFlowControlEnable
8008dcf8   CPSWRxFlowControlDisable
8008dd0c   CPSWPortVLANConfig
8008dd1c   CPSWPortSrcAddrSet
8008dd50   CPSWHostPortDualMacModeSet
8008dd6c   CPSWCPDMACmdIdleEnable
8008dd88   CPSWALETableEntryGet
8008dda8   CPSWContextSave
8008df60   CPSWALETableEntrySet
8008df8c   CPSWContextRestore
8008e138   CPSWCPDMATxIntStatRawGet
8008e144   CPSWCPDMATxIntStatMaskedGet
8008e150   CPSWCPDMATxIntEnable
8008e164   CPSWCPDMATxIntDisable
8008e178   CPSWCPDMATxHdrDescPtrWrite
8008e184   CPSWCPDMATxEnable
8008e190   CPSWCPDMATxCPWrite
8008e19c   CPSWCPDMAStatusGet
8008e1b0   CPSWCPDMARxIntStatRawGet
8008e1bc   CPSWCPDMARxIntStatMaskedGet
8008e1c8   CPSWCPDMARxIntEnable
8008e1dc   CPSWCPDMARxIntDisable
8008e1f0   CPSWCPDMARxHdrDescPtrWrite
8008e1fc   CPSWCPDMARxEnable
8008e208   CPSWCPDMARxCPWrite
8008e214   CPSWCPDMARxBufOffsetSet
8008e21c   CPSWCPDMAReset
8008e258   CPSWCPDMANumFreeBufSet
8008e264   CPSWCPDMAEndOfIntVectorWrite
8008e26c   CPSWCPDMAConfig
8008e274   CPSWCPDMACmdIdleDisable
8008e284   CPSWALEVLANAwareSet
8008e294   CPSWALEPrescaleSet
8008e2a8   CPSWALEPrescaleGet
8008e2b4   CPSWALEPortStateSet
8008e2d4   CPSWALEInit
8008e2e0   CPSWALEBypassEnable
8008e2f0   CPSWALEBypassDisable
8008e34c   UARTwrite
8008e398   UARTprintf
8008e704   UARTPuts
8008e770   UARTPutNum
8008e820   UARTPutHexNum
8008e8d8   UARTGets
8008e940   UARTGetNum
8008e9c0   UARTGetHexNum
8008eb00   FindCGIParameter
8008eb78   IsValidHexDigit
8008ebdc   HexDigit
8008ec68   DecodeHexEscape
8008ece4   EncodeFormString
8008edcc   DecodeFormString
8008ef3c   CheckDecimalParam
8008f150   GetCGIParam
8008f1cc   WebserverInit
8008f230   EnetHttpServerInit
8008f304   EnetIntRegister
8008f324   EnetIfIsUp
8008f338   EnetLinkIsUp
8008f834   gpioContextSave
8008f848   gpioContextRestore
8008f85c   GPIOWakeupGlobalEnable
8008f86c   GPIOWakeupGlobalDisable
8008f87c   GPIOTriggerPinInt
8008f8a4   GPIORevisionInfoGet
8008f8ac   GPIORawIntStatus
8008f8cc   GPIOPinWrite
8008f8f4   GPIOPinRead
8008f904   GPIOPinIntWakeUpEnable
8008f934   GPIOPinIntWakeUpDisable
8008f964   GPIOPinIntStatus
8008f98c   GPIOPinIntEnable
8008f9b4   GPIOPinIntDisable
8008f9dc   GPIOPinIntClear
8008fa04   GPIOMultiplePinsWrite
8008fa10   GPIOMultiplePinsRead
8008fa1c   GPIOModuleReset
8008fa38   GPIOModuleEnable
8008fa48   GPIOModuleDisable
8008fa58   GPIOIntTypeSet
8008fb7c   GPIOIntTypeGet
8008fbe0   GPIOIdleModeConfigure
8008fc00   GPIOGatingRatioConfigure
8008fc20   GPIODirModeSet
8008fc50   GPIODirModeGet
8008fc70   GPIODebounceTimeConfig
8008fc7c   GPIODebounceFuncControl
8008fc9c   GPIOAutoIdleModeControl
8008fcbc   CP15ICacheDisable
8008fccc   CP15DCacheDisable
8008fce8   CP15ICacheEnable
8008fcf8   CP15DCacheEnable
8008fd08   CP15DCacheFlush
8008fd08   CacheDataInvalidateAll
8008fd9c   CP15DCacheClean
8008fd9c   CacheDataCleanAll
8008fe30   CP15DCacheCleanFlush
8008fe30   CacheDataCleanInvalidateAll
8008fec4   CP15ICacheFlush
8008fec4   CacheInstInvalidateAll
8008fed4   CP15DCacheCleanBuff
8008fed4   CacheDataCleanBuff
8008ff28   CP15DCacheCleanFlushBuff
8008ff28   CacheDataCleanInvalidateBuff
8008ff7c   CP15DCacheFlushBuff
8008ff7c   CacheDataInvalidateBuff
8008ffe0   CP15ICacheFlushBuff
8008ffe0   CacheInstInvalidateBuff
80090034   CP15Ttb0Set
80090040   CP15TlbInvalidate
8009004c   CP15MMUDisable
80090064   CP15MMUEnable
80090078   CP15VectorBaseAddrSet
80090084   CP15BranchPredictorInvalidate
80090090   CP15BranchPredictionEnable
800900a0   CP15BranchPredictionDisable
800900b0   CP15DomainAccessClientSet
800900c0   CP15ControlFeatureDisable
800900d4   CP15ControlFeatureEnable
800900e8   CP15TtbCtlTtb0Config
800900f8   CP15AuxControlFeatureEnable
8009010c   CP15AuxControlFeatureDisable
80090120   CP15MainIdPrimPartNumGet
80090138   DMTimer7ModuleClkConfig
80090250   DMTimer4ModuleClkConfig
8009036c   DMTimer3ModuleClkConfig
80090484   DMTimer2ModuleClkConfig
80090624   main
80090758   DMTimerIsr
800909f4   PhyPartnerAbilityGet
80090a40   PhyLoopBackEnable
80090a90   PhyLoopBackDisable
80090ae4   PhyLinkStatusGet
80090b4c   PhyIDGet
80090b90   PhyAutoNegotiate
80090ca4   PhyAutoNegStatusGet
80090cc8   __aeabi_uldivmod
80090f80   IntUnRegister
80090f90   IntSystemEnable
80090fac   IntSystemDisable
80090fc8   IntSyncClkFreeRunSet
80090fdc   IntSyncClkAutoGateSet
80090ff0   IntSpurIrqFlagGet
80091000   IntSoftwareIntSet
8009101c   IntSoftwareIntClear
80091038   IntRegister
80091044   IntRawStatusGet
80091060   IntProtectionEnable
80091070   IntProtectionDisable
80091084   IntPriorityThresholdSet
80091094   IntPriorityThresholdGet
800910a4   IntPrioritySet
800910b8   IntPendingIrqMaskedStatusGet
800910dc   IntIfClkFreeRunSet
800910f0   IntIfClkAutoGateSet
80091104   IntFuncClkFreeRunSet
80091118   IntFuncClkAutoGateSet
8009112c   IntEnable
8009113c   IntDisable
80091158   IntCurrIrqPriorityGet
80091168   IntActiveIrqNumGet
80091178   IntAINTCInit
800911f0   UART1Sendc
80091208   UART1Getc
8009121c   UART1InitExpClk
800912e0   UART1ModuleConfig
80091454   sendXBeeByte
80091468   rcvXBeeByte
80091474   sendXBeePkt
800914c8   packXBeeData
80091688   XBeeUARTInit
80091694   __aeabi_dsub
800916a0   __aeabi_dadd
800918a8   GPIOModuleConfig
80091954   userLEDConfig
80091a0c   setLED
80091a74   UARTPinMuxSetup
80091a94   UART0ModuleClkConfig
80091c38   DMTimerTriggerSet
80091c44   DMTimerResetConfigure
80091c64   DMTimerReset
80091c80   DMTimerReloadSet
80091c88   DMTimerReloadGet
80091c90   DMTimerPreScalerClkEnable
80091cb0   DMTimerPreScalerClkDisable
80091cc0   DMTimerModeConfigure
80091ce0   DMTimerIntStatusGet
80091ce8   DMTimerIntStatusClear
80091cf4   DMTimerIntRawStatusSet
80091d00   DMTimerIntRawStatusGet
80091d08   DMTimerIntEnableGet
80091d10   DMTimerIntEnable
80091d1c   DMTimerIntDisable
80091d28   DMTimerGPOConfigure
80091d48   DMTimerEnable
80091d58   DMTimerDisable
80091d68   DMTimerCounterSet
80091d70   DMTimerCounterGet
80091d78   DMTimerContextSave
80091da4   DMTimerContextRestore
80091dd0   DMTimerCompareSet
80091dd8   DMTimerCompareGet
80091de0   WatchdogTimerWritePostedStatusGet
80091dec   WatchdogTimerTriggerSet
80091e00   WatchdogTimerRevisionIDGet
80091e08   WatchdogTimerReset
80091e24   WatchdogTimerReloadSet
80091e38   WatchdogTimerReloadGet
80091e40   WatchdogTimerPreScalerClkEnable
80091e7c   WatchdogTimerPreScalerClkDisable
80091e98   WatchdogTimerIntStatusGet
80091ea0   WatchdogTimerIntStatusClear
80091eac   WatchdogTimerIntRawStatusSet
80091eb8   WatchdogTimerIntRawStatusGet
80091ec0   WatchdogTimerIntEnableStatusGet
80091ec8   WatchdogTimerIntEnable
80091ed4   WatchdogTimerIntDisable
80091ee0   WatchdogTimerEnable
80091f0c   WatchdogTimerDisable
80091f38   WatchdogTimerDelaySet
80091f4c   WatchdogTimerDelayGet
80091f54   WatchdogTimerCounterSet
80091f68   WatchdogTimerCounterGet
80091f80   __aeabi_ddiv
80092110   __aeabi_memcpy
80092110   __aeabi_memcpy4
80092110   __aeabi_memcpy8
80092110   memcpy
80092290   DMTimerConfigure
800922a8   Timer2IntRegister
800922d4   Timer2Config
80092304   Timer2IntEnable
80092318   Timer2Start
80092328   Timer2Stop
80092338   Timer4IntRegister
80092364   Timer4Config
80092394   Timer4IntEnable
800923a8   Timer4Start
800923b8   Timer4Stop
80092400   Sysdelay
80092400   delay
80092468   StopTimer
80092468   SysStopTimer
80092488   StartTimer
80092488   SysStartTimer
800924cc   IsTimerElapsed
800924cc   SysIsTimerElapsed
800924d8   DelayTimerSetup
800924d8   SysDelayTimerSetup
80092560   __aeabi_dmul
80092688   __aeabi_idivmod
800927a0   WatchdogTimer1ModuleClkConfig
800928b0   UARTConsolePutc
800928b0   UARTPutc
80092974   UARTConsoleInit
80092974   UARTStdioInit
80092998   UARTConsoleGetc
80092998   UARTGetc
800929bc   snprintf
80092ad8   SVCHandler
80092b00   IRQHandler
80092b9c   FIQHandler
80092ba0   AbortHandler
80092ba0   UndefInstHandler
80092bb8   __aeabi_uidivmod
80092cac   EVMPortMIIModeSelect
80092cbc   EVMMACAddrGet
80092d08   CPSWPinMuxSetup
80092d5c   CPSWClkEnable
80092d98   MDIOPhyRegWrite
80092d98   PhyRegWrite
80092dd0   MDIOPhyRegRead
80092dd0   PhyRegRead
80092e24   MDIOPhyLinkStatusGet
80092e2c   MDIOPhyAliveStatusGet
80092e34   MDIOInit
80092e60   MDIOContextSave
80092e6c   MDIOContextRestore
80092e7c   __TI_auto_init
80092f50   __aeabi_cdcmpeq
80092f50   __aeabi_cdcmple
80093020   MMUMemRegionMap
80093090   MMUInit
800930c4   MMUEnable
800930d8   __aeabi_memclr
800930d8   __aeabi_memclr4
800930d8   __aeabi_memclr8
800930dc   __aeabi_memset
800930dc   __aeabi_memset4
800930dc   __aeabi_memset8
800930e8   memset
80093220   copy_in
800932ac   _Dtest
80093338   CacheEnable
8009337c   CacheDisable
800933c0   atoi
80093444   ltoa
800934c4   strstr
80093524   CPUirqe
80093524   IntMasterIRQEnable
80093534   CPUirqd
80093534   IntMasterIRQDisable
80093544   CPUfiqe
80093544   IntMasterFIQEnable
80093554   CPUfiqd
80093554   IntMasterFIQDisable
80093564   CPUSwitchToUserMode
80093578   CPUSwitchToPrivilegedMode
80093580   CPUAbortHandler
80093584   __aeabi_d2iz
800935e0   WatchdogTimerSetUp
8009365c   start_boot
80093674   __aeabi_i2d
800936b0   strncmp
800936e4   WarmSWReset
800936f8   ColdSWReset
80093710   memccpy
8009373c   strcmp
80093768   strchr
80093790   __TI_zero_init
800937b0   IND_CALL
800937d0   strlen
800937ec   __TI_decompress_none
80093800   _Dclass
80093814   CPUIntStatus
80093814   IntMasterStatusGet
80093820   __TI_decompress_rle24
800a6094   _ctypes_
800a6248   tcp_backoff
800a6255   tcp_persist_backoff
800a625c   tcp_pcb_lists
800a626c   ip_addr_any
800a6270   ip_addr_broadcast
800a6274   ethbroadcast
800a627a   ethzero
800a63b4   file_bblcd1_jpg
800a63c8   file_io_cgi_ssi
800a63dc   g_pcTagLeadIn
800a63e0   g_pcTagLeadOut
800a63e4   tcp_state_str
800a6410   g_psDefaultFilenames
87fffff0   __stack
87fffff8   __STACK_END
ffffffff   __binit__
ffffffff   __c_args__
ffffffff   binit
UNDEFED    SHT$$INIT_ARRAY$$Base
UNDEFED    SHT$$INIT_ARRAY$$Limit

[664 symbols]
